[0.675s] Invoking command in '/home/bogg0033/project1_ws/build/reactive_navigation': DEBUGINFOD_URLS=https://debuginfod.ubuntu.com PYTHONPATH=/home/bogg0033/project1_ws/build/reactive_navigation/prefix_override:/usr/lib/python3/dist-packages/colcon_core/task/python/colcon_distutils_commands:/home/bogg0033/project1_ws/install/reactive_navigation/lib/python3.12/site-packages:${PYTHONPATH} /usr/bin/python3 -W ignore:setup.py install is deprecated -W ignore:easy_install command is deprecated setup.py develop --editable --build-directory /home/bogg0033/project1_ws/build/reactive_navigation/build --no-deps symlink_data
[0.948s] running develop
[1.112s] running egg_info
[1.127s] writing reactive_navigation.egg-info/PKG-INFO
[1.128s] writing dependency_links to reactive_navigation.egg-info/dependency_links.txt
[1.128s] writing entry points to reactive_navigation.egg-info/entry_points.txt
[1.128s] writing requirements to reactive_navigation.egg-info/requires.txt
[1.128s] writing top-level names to reactive_navigation.egg-info/top_level.txt
[1.163s] reading manifest file 'reactive_navigation.egg-info/SOURCES.txt'
[1.164s] writing manifest file 'reactive_navigation.egg-info/SOURCES.txt'
[1.187s] running build_ext
[1.187s] Creating /home/bogg0033/project1_ws/install/reactive_navigation/lib/python3.12/site-packages/reactive-navigation.egg-link (link to .)
[1.188s] Installing keyboard_controller script to /home/bogg0033/project1_ws/install/reactive_navigation/lib/reactive_navigation
[1.188s] Installing random_turn script to /home/bogg0033/project1_ws/install/reactive_navigation/lib/reactive_navigation
[1.188s] Installing robot_brain script to /home/bogg0033/project1_ws/install/reactive_navigation/lib/reactive_navigation
[1.188s] 
[1.188s] Installed /home/bogg0033/project1_ws/build/reactive_navigation
[1.188s] running symlink_data
[1.188s] error: can't copy '/home/bogg0033/project1_ws/build/reactive_navigation/worlds/project1.world': doesn't exist or not a regular file
[1.210s] Invoked command in '/home/bogg0033/project1_ws/build/reactive_navigation' returned '1': DEBUGINFOD_URLS=https://debuginfod.ubuntu.com PYTHONPATH=/home/bogg0033/project1_ws/build/reactive_navigation/prefix_override:/usr/lib/python3/dist-packages/colcon_core/task/python/colcon_distutils_commands:/home/bogg0033/project1_ws/install/reactive_navigation/lib/python3.12/site-packages:${PYTHONPATH} /usr/bin/python3 -W ignore:setup.py install is deprecated -W ignore:easy_install command is deprecated setup.py develop --editable --build-directory /home/bogg0033/project1_ws/build/reactive_navigation/build --no-deps symlink_data
