running develop
running egg_info
writing reactive_navigation.egg-info/PKG-INFO
writing dependency_links to reactive_navigation.egg-info/dependency_links.txt
writing requirements to reactive_navigation.egg-info/requires.txt
writing top-level names to reactive_navigation.egg-info/top_level.txt
reading manifest file 'reactive_navigation.egg-info/SOURCES.txt'
writing manifest file 'reactive_navigation.egg-info/SOURCES.txt'
running build_ext
Creating /home/bogg0033/project1_ws/install/reactive_navigation/lib/python3.12/site-packages/reactive-navigation.egg-link (link to .)

Installed /home/bogg0033/project1_ws/build/reactive_navigation
running symlink_data
creating /home/bogg0033/project1_ws/install/reactive_navigation/share/ament_index
creating /home/bogg0033/project1_ws/install/reactive_navigation/share/ament_index/resource_index
creating /home/bogg0033/project1_ws/install/reactive_navigation/share/ament_index/resource_index/packages
symbolically linking /home/bogg0033/project1_ws/build/reactive_navigation/resource/reactive_navigation -> /home/bogg0033/project1_ws/install/reactive_navigation/share/ament_index/resource_index/packages
symbolically linking /home/bogg0033/project1_ws/build/reactive_navigation/package.xml -> /home/bogg0033/project1_ws/install/reactive_navigation/share/reactive_navigation
symbolically linking /home/bogg0033/project1_ws/build/reactive_navigation/launch/project1_launch.py -> /home/bogg0033/project1_ws/install/reactive_navigation/share/reactive_navigation/launch
creating /home/bogg0033/project1_ws/install/reactive_navigation/share/reactive_navigation/worlds
symbolically linking /home/bogg0033/project1_ws/build/reactive_navigation/worlds/project1.world -> /home/bogg0033/project1_ws/install/reactive_navigation/share/reactive_navigation/worlds
symbolically linking /home/bogg0033/project1_ws/build/reactive_navigation/worlds/test_world.sdf -> /home/bogg0033/project1_ws/install/reactive_navigation/share/reactive_navigation/worlds
symbolically linking /home/bogg0033/project1_ws/build/reactive_navigation/worlds/project1.sdf -> /home/bogg0033/project1_ws/install/reactive_navigation/share/reactive_navigation/worlds
