[0.745s] Invoking command in '/home/bogg0033/project1_ws/build/reactive_navigation': DEBUGINFOD_URLS=https://debuginfod.ubuntu.com PYTHONPATH=/home/bogg0033/project1_ws/build/reactive_navigation/prefix_override:/usr/lib/python3/dist-packages/colcon_core/task/python/colcon_distutils_commands:/home/bogg0033/project1_ws/install/reactive_navigation/lib/python3.12/site-packages:${PYTHONPATH} /usr/bin/python3 -W ignore:setup.py install is deprecated -W ignore:easy_install command is deprecated setup.py develop --editable --build-directory /home/bogg0033/project1_ws/build/reactive_navigation/build --no-deps symlink_data
[1.005s] running develop
[1.171s] running egg_info
[1.186s] writing reactive_navigation.egg-info/PKG-INFO
[1.186s] writing dependency_links to reactive_navigation.egg-info/dependency_links.txt
[1.186s] writing entry points to reactive_navigation.egg-info/entry_points.txt
[1.187s] writing requirements to reactive_navigation.egg-info/requires.txt
[1.187s] writing top-level names to reactive_navigation.egg-info/top_level.txt
[1.221s] reading manifest file 'reactive_navigation.egg-info/SOURCES.txt'
[1.222s] writing manifest file 'reactive_navigation.egg-info/SOURCES.txt'
[1.245s] running build_ext
[1.246s] Creating /home/bogg0033/project1_ws/install/reactive_navigation/lib/python3.12/site-packages/reactive-navigation.egg-link (link to .)
[1.246s] Installing collision_detection script to /home/bogg0033/project1_ws/install/reactive_navigation/lib/reactive_navigation
[1.246s] Installing keyboard_controller script to /home/bogg0033/project1_ws/install/reactive_navigation/lib/reactive_navigation
[1.246s] Installing obstacle_detection script to /home/bogg0033/project1_ws/install/reactive_navigation/lib/reactive_navigation
[1.246s] Installing random_turn script to /home/bogg0033/project1_ws/install/reactive_navigation/lib/reactive_navigation
[1.247s] Installing robot_brain script to /home/bogg0033/project1_ws/install/reactive_navigation/lib/reactive_navigation
[1.247s] 
[1.247s] Installed /home/bogg0033/project1_ws/build/reactive_navigation
[1.247s] running symlink_data
[1.266s] Invoked command in '/home/bogg0033/project1_ws/build/reactive_navigation' returned '0': DEBUGINFOD_URLS=https://debuginfod.ubuntu.com PYTHONPATH=/home/bogg0033/project1_ws/build/reactive_navigation/prefix_override:/usr/lib/python3/dist-packages/colcon_core/task/python/colcon_distutils_commands:/home/bogg0033/project1_ws/install/reactive_navigation/lib/python3.12/site-packages:${PYTHONPATH} /usr/bin/python3 -W ignore:setup.py install is deprecated -W ignore:easy_install command is deprecated setup.py develop --editable --build-directory /home/bogg0033/project1_ws/build/reactive_navigation/build --no-deps symlink_data
