[0.845s] Invoking command in '/home/card0181/ros2_ws/build/reactive_navigation': DEBUGINFOD_URLS=https://debuginfod.ubuntu.com PYTHONPATH=/home/card0181/ros2_ws/build/reactive_navigation/prefix_override:/usr/lib/python3/dist-packages/colcon_core/task/python/colcon_distutils_commands:/home/card0181/ros2_ws/install/reactive_navigation/lib/python3.12/site-packages:${PYTHONPATH} /usr/bin/python3 -W ignore:setup.py install is deprecated -W ignore:easy_install command is deprecated setup.py develop --editable --build-directory /home/card0181/ros2_ws/build/reactive_navigation/build --no-deps symlink_data
[1.193s] running develop
[1.413s] running egg_info
[1.434s] writing reactive_navigation.egg-info/PKG-INFO
[1.434s] writing dependency_links to reactive_navigation.egg-info/dependency_links.txt
[1.434s] writing requirements to reactive_navigation.egg-info/requires.txt
[1.434s] writing top-level names to reactive_navigation.egg-info/top_level.txt
[1.481s] reading manifest file 'reactive_navigation.egg-info/SOURCES.txt'
[1.482s] writing manifest file 'reactive_navigation.egg-info/SOURCES.txt'
[1.514s] running build_ext
[1.514s] Creating /home/card0181/ros2_ws/install/reactive_navigation/lib/python3.12/site-packages/reactive-navigation.egg-link (link to .)
[1.515s] 
[1.515s] Installed /home/card0181/ros2_ws/build/reactive_navigation
[1.515s] running symlink_data
[1.515s] creating /home/card0181/ros2_ws/install/reactive_navigation/share/reactive_navigation/launch
[1.515s] symbolically linking /home/card0181/ros2_ws/build/reactive_navigation/launch/project1_launch.py -> /home/card0181/ros2_ws/install/reactive_navigation/share/reactive_navigation/launch
[1.515s] creating /home/card0181/ros2_ws/install/reactive_navigation/share/reactive_navigation/worlds
[1.515s] symbolically linking /home/card0181/ros2_ws/build/reactive_navigation/worlds/project1.world -> /home/card0181/ros2_ws/install/reactive_navigation/share/reactive_navigation/worlds
[1.515s] symbolically linking /home/card0181/ros2_ws/build/reactive_navigation/worlds/test_world.sdf -> /home/card0181/ros2_ws/install/reactive_navigation/share/reactive_navigation/worlds
[1.515s] symbolically linking /home/card0181/ros2_ws/build/reactive_navigation/worlds/project1.sdf -> /home/card0181/ros2_ws/install/reactive_navigation/share/reactive_navigation/worlds
[1.539s] Invoked command in '/home/card0181/ros2_ws/build/reactive_navigation' returned '0': DEBUGINFOD_URLS=https://debuginfod.ubuntu.com PYTHONPATH=/home/card0181/ros2_ws/build/reactive_navigation/prefix_override:/usr/lib/python3/dist-packages/colcon_core/task/python/colcon_distutils_commands:/home/card0181/ros2_ws/install/reactive_navigation/lib/python3.12/site-packages:${PYTHONPATH} /usr/bin/python3 -W ignore:setup.py install is deprecated -W ignore:easy_install command is deprecated setup.py develop --editable --build-directory /home/card0181/ros2_ws/build/reactive_navigation/build --no-deps symlink_data
