[0.678s] Invoking command in '/home/bogg0033/project1_ws/build/reactive_navigation': DEBUGINFOD_URLS=https://debuginfod.ubuntu.com PYTHONPATH=/home/bogg0033/project1_ws/build/reactive_navigation/prefix_override:/usr/lib/python3/dist-packages/colcon_core/task/python/colcon_distutils_commands:/home/bogg0033/project1_ws/install/reactive_navigation/lib/python3.12/site-packages:${PYTHONPATH} /usr/bin/python3 -W ignore:setup.py install is deprecated -W ignore:easy_install command is deprecated setup.py develop --editable --build-directory /home/bogg0033/project1_ws/build/reactive_navigation/build --no-deps symlink_data
[0.940s] running develop
[1.099s] running egg_info
[1.115s] writing reactive_navigation.egg-info/PKG-INFO
[1.115s] writing dependency_links to reactive_navigation.egg-info/dependency_links.txt
[1.115s] writing entry points to reactive_navigation.egg-info/entry_points.txt
[1.115s] writing requirements to reactive_navigation.egg-info/requires.txt
[1.115s] writing top-level names to reactive_navigation.egg-info/top_level.txt
[1.149s] reading manifest file 'reactive_navigation.egg-info/SOURCES.txt'
[1.150s] writing manifest file 'reactive_navigation.egg-info/SOURCES.txt'
[1.173s] running build_ext
[1.173s] Creating /home/bogg0033/project1_ws/install/reactive_navigation/lib/python3.12/site-packages/reactive-navigation.egg-link (link to .)
[1.173s] Installing collision_detection script to /home/bogg0033/project1_ws/install/reactive_navigation/lib/reactive_navigation
[1.173s] Installing keyboard_controller script to /home/bogg0033/project1_ws/install/reactive_navigation/lib/reactive_navigation
[1.173s] Installing obstacle_detection script to /home/bogg0033/project1_ws/install/reactive_navigation/lib/reactive_navigation
[1.173s] Installing random_turn script to /home/bogg0033/project1_ws/install/reactive_navigation/lib/reactive_navigation
[1.174s] Installing robot_brain script to /home/bogg0033/project1_ws/install/reactive_navigation/lib/reactive_navigation
[1.174s] 
[1.174s] Installed /home/bogg0033/project1_ws/build/reactive_navigation
[1.174s] running symlink_data
[1.196s] Invoked command in '/home/bogg0033/project1_ws/build/reactive_navigation' returned '0': DEBUGINFOD_URLS=https://debuginfod.ubuntu.com PYTHONPATH=/home/bogg0033/project1_ws/build/reactive_navigation/prefix_override:/usr/lib/python3/dist-packages/colcon_core/task/python/colcon_distutils_commands:/home/bogg0033/project1_ws/install/reactive_navigation/lib/python3.12/site-packages:${PYTHONPATH} /usr/bin/python3 -W ignore:setup.py install is deprecated -W ignore:easy_install command is deprecated setup.py develop --editable --build-directory /home/bogg0033/project1_ws/build/reactive_navigation/build --no-deps symlink_data
