[0.841s] Invoking command in '/home/bogg0033/project1_ws/build/reactive_navigation': DEBUGINFOD_URLS=https://debuginfod.ubuntu.com PYTHONPATH=/home/bogg0033/project1_ws/build/reactive_navigation/prefix_override:/usr/lib/python3/dist-packages/colcon_core/task/python/colcon_distutils_commands:/home/bogg0033/project1_ws/install/reactive_navigation/lib/python3.12/site-packages:${PYTHONPATH} /usr/bin/python3 -W ignore:setup.py install is deprecated -W ignore:easy_install command is deprecated setup.py develop --editable --build-directory /home/bogg0033/project1_ws/build/reactive_navigation/build --no-deps symlink_data
[1.165s] running develop
[1.364s] running egg_info
[1.382s] writing reactive_navigation.egg-info/PKG-INFO
[1.382s] writing dependency_links to reactive_navigation.egg-info/dependency_links.txt
[1.382s] writing entry points to reactive_navigation.egg-info/entry_points.txt
[1.382s] writing requirements to reactive_navigation.egg-info/requires.txt
[1.382s] writing top-level names to reactive_navigation.egg-info/top_level.txt
[1.423s] reading manifest file 'reactive_navigation.egg-info/SOURCES.txt'
[1.424s] writing manifest file 'reactive_navigation.egg-info/SOURCES.txt'
[1.452s] running build_ext
[1.452s] Creating /home/bogg0033/project1_ws/install/reactive_navigation/lib/python3.12/site-packages/reactive-navigation.egg-link (link to .)
[1.452s] Installing collision_detection script to /home/bogg0033/project1_ws/install/reactive_navigation/lib/reactive_navigation
[1.452s] Installing keyboard_controller script to /home/bogg0033/project1_ws/install/reactive_navigation/lib/reactive_navigation
[1.452s] Installing obstacle_detection script to /home/bogg0033/project1_ws/install/reactive_navigation/lib/reactive_navigation
[1.452s] Installing random_turn script to /home/bogg0033/project1_ws/install/reactive_navigation/lib/reactive_navigation
[1.452s] Installing robot_brain script to /home/bogg0033/project1_ws/install/reactive_navigation/lib/reactive_navigation
[1.453s] 
[1.453s] Installed /home/bogg0033/project1_ws/build/reactive_navigation
[1.453s] running symlink_data
[1.484s] Invoked command in '/home/bogg0033/project1_ws/build/reactive_navigation' returned '0': DEBUGINFOD_URLS=https://debuginfod.ubuntu.com PYTHONPATH=/home/bogg0033/project1_ws/build/reactive_navigation/prefix_override:/usr/lib/python3/dist-packages/colcon_core/task/python/colcon_distutils_commands:/home/bogg0033/project1_ws/install/reactive_navigation/lib/python3.12/site-packages:${PYTHONPATH} /usr/bin/python3 -W ignore:setup.py install is deprecated -W ignore:easy_install command is deprecated setup.py develop --editable --build-directory /home/bogg0033/project1_ws/build/reactive_navigation/build --no-deps symlink_data
